#-----------------------------------------------------------
# Vivado v2018.3 (64-bit)
# SW Build 2405991 on Thu Dec  6 23:38:27 MST 2018
# IP Build 2404404 on Fri Dec  7 01:43:56 MST 2018
# Start of session at: Mon May  6 18:40:53 2024
# Process ID: 22476
# Current directory: D:/BRUFACE/MA2/S02/advancedDigitalArchi/Ex/lab02/project_1
# Command line: vivado.exe -gui_launcher_event rodinguilauncherevent16648 D:\BRUFACE\MA2\S02\advancedDigitalArchi\Ex\lab02\project_1\project_1.xpr
# Log file: D:/BRUFACE/MA2/S02/advancedDigitalArchi/Ex/lab02/project_1/vivado.log
# Journal file: D:/BRUFACE/MA2/S02/advancedDigitalArchi/Ex/lab02/project_1\vivado.jou
#-----------------------------------------------------------
start_gui
open_project D:/BRUFACE/MA2/S02/advancedDigitalArchi/Ex/lab02/project_1/project_1.xpr
update_compile_order -fileset sources_1
launch_simulation
source tb_shiftReg.tcl
launch_simulation -mode post-synthesis -type timing
source tb_shiftReg.tcl
launch_simulation -mode post-implementation -type timing
source tb_shiftReg.tcl
close_sim
current_sim simulation_2
close_sim
close_sim
